// Jest Snapshot v1, https://goo.gl/fbAQLP

exports[`should render Login Page correctly 1`] = `
<div
  className="box-layout"
>
  <div
    className="box-layout__box"
  >
    <h1
      className="box-layout__title"
    >
      Code Cave Camp
    </h1>
    <p>
      Ready • Set • Code
    </p>
    <button
      className="button"
    >
      Login
    </button>
  </div>
</div>
`;
